../Core/Inc/unity.c:78:13:UnityPrintChar	16	static
../Core/Inc/unity.c:128:6:UnityPrint	24	static
../Core/Inc/unity.c:150:6:UnityPrintLen	24	static
../Core/Inc/unity.c:188:6:UnityPrintNumberByStyle	16	static
../Core/Inc/unity.c:239:6:UnityPrintNumber	24	static
../Core/Inc/unity.c:254:6:UnityPrintNumberUnsigned	24	static
../Core/Inc/unity.c:273:6:UnityPrintNumberHex	24	static
../Core/Inc/unity.c:299:6:UnityPrintMask	24	static
../Core/Inc/unity.c:334:6:UnityPrintFloat	72	static
../Core/Inc/unity.c:495:13:UnityTestResultsBegin	16	static
../Core/Inc/unity.c:538:13:UnityTestResultsFailBegin	16	static
../Core/Inc/unity.c:546:6:UnityConcludeTest	8	static
../Core/Inc/unity.c:570:13:UnityAddMsgIfSpecified	16	static
../Core/Inc/unity.c:597:13:UnityPrintExpectedAndActualStrings	16	static
../Core/Inc/unity.c:624:13:UnityPrintExpectedAndActualStringsLen	24	static
../Core/Inc/unity.c:657:12:UnityIsOneArrayNull	24	static
../Core/Inc/unity.c:691:6:UnityAssertBits	24	static
../Core/Inc/unity.c:712:6:UnityAssertEqualNumber	24	static
../Core/Inc/unity.c:733:6:UnityAssertGreaterOrLessOrEqualNumber	32	static
../Core/Inc/unity.c:781:6:UnityAssertEqualIntArray	48	static
../Core/Inc/unity.c:926:12:UnityFloatsWithin	32	static
../Core/Inc/unity.c:933:6:UnityAssertWithinFloatArray	56	static
../Core/Inc/unity.c:1013:6:UnityAssertFloatsWithin	32	static
../Core/Inc/unity.c:1032:6:UnityAssertFloatsNotWithin	32	static
../Core/Inc/unity.c:1053:6:UnityAssertGreaterOrLessFloat	40	static
../Core/Inc/unity.c:1086:6:UnityAssertFloatSpecial	64	static
../Core/Inc/unity.c:1380:6:UnityAssertNumbersWithin	24	static
../Core/Inc/unity.c:1427:6:UnityAssertNumbersArrayWithin	48	static
../Core/Inc/unity.c:1591:6:UnityAssertEqualString	32	static
../Core/Inc/unity.c:1630:6:UnityAssertEqualStringLen	32	static
../Core/Inc/unity.c:1670:6:UnityAssertEqualStringArray	40	static
../Core/Inc/unity.c:1753:6:UnityAssertEqualMemory	40	static
../Core/Inc/unity.c:1842:20:UnityNumToPtr	16	static
../Core/Inc/unity.c:1868:20:UnityFloatToPtr	16	static
../Core/Inc/unity.c:2124:6:UnityFail	16	static
../Core/Inc/unity.c:2161:6:UnityIgnore	16	static
../Core/Inc/unity.c:2177:6:UnityMessage	16	static
../Core/Inc/unity.c:2193:6:UnityDefaultTestRun	24	static
../Core/Inc/unity.c:2215:6:UnitySetTestFile	16	static
../Core/Inc/unity.c:2221:6:UnityBegin	16	static
../Core/Inc/unity.c:2237:5:UnityEnd	8	static
